🚀 Starting Pollinations deployment pipeline...
✓ link.ts is already configured
✓ Waiting 5 seconds for file sync...
📤 Step 2: Starting playtest mode...
📝 Step 3: Triggering update (modify main.ts)...
📊 Step 4: Watching for successful image post...

⏱️  Keeping process alive for 1 minute ...
 ›   Warning: @devvit/cli update available from 0.12.10 to 0.12.17.
Updating...
[G[1A[JUpdating... ⣾
[G[1A[JUpdating... ⣽
[G[1A[JUpdating... ⣻
[G[1A[JUpdating... ⢿
[G[1A[JUpdating... ⡿
[G[1A[JUpdating... ⣟
[G[1A[JUpdating... ⣯
[G[1A[JUpdating... ⣷
[G[1A[JUpdating... ⣾
[G[1A[JUpdating... ⣽
[G[1A[JUpdating... ⣻
[G[1A[JUpdating... ⢿
[G[1A[JUpdating... ⡿
[G[1A[JUpdating... ⣟
[G[1A[JUpdating... ⣯
[G[1A[JUpdating... ⣷
[G[1A[JUpdating... ⣾
[G[1A[JUpdating... ⣽
[G[1A[JUpdating... ⣻
[G[1A[JUpdating... ⢿
[G[1A[JUpdating... ⡿
[G[1A[JUpdating... ⣟
[G[1A[JUpdating... ⣯
[G[1A[JUpdating... ⣷
[G[1A[JUpdating... ⣾
[G[1A[JUpdating... ⣽
[G[1A[JUpdating... ⣻
[G[1A[JUpdating... ⢿
[G[1A[JUpdating... ⡿
[G[1A[JUpdating... ⣟
[G[1A[JUpdating... ⣯
[G[1A[JUpdating... ⣷
[G[1A[JUpdating... ⣾
[G[1A[JUpdating... ⣽
[G[1A[JUpdating... ⣻
[G[1A[JUpdating... ⢿
[G[1A[JUpdating... ⡿
[G[1A[JUpdating... ⣟
[G[1A[JUpdating... ⣯
[G[1A[JUpdating... ⣷
[G[1A[JUpdating... ⣾
[G[1A[JUpdating... ⣽
[G[1A[JUpdating... Success!
┌────────────────────────────────────────────────────────────────────┐
│ ✓ Playtest ready                                                   │
│ ➜ URL: https://www.reddit.com/r/pollinations_ai/?playtest=polli-ai │
│ ➜ Version: v0.0.76.50                                              │
│ ➜ Open the URL above and refresh to see your latest changes.       │
└────────────────────────────────────────────────────────────────────┘
🚀 Starting to post image to Reddit...

✅ 1 minute elapsed. Shutting down...

🧹 Cleaning up processes...
📤 Committing and pushing changes to GitHub...
